mysql> CREATE DATABASE pubs;
ERROR 1007 (HY000): Can't create database 'pubs'; database exists
mysql> SHOW DATABASES;
+--------------------+
| Database           |
+--------------------+
| information_schema |
| mysql              |
| performance_schema |
| pubs               |
| test               |
+--------------------+
5 rows in set (0.01 sec)

mysql> USE pubs;
Database changed
mysql> CREATE TABLE authors(au_id varchar(11),au_lname varchar(40) NOT NULL,au_fname varchar(20) NOT NULL ,phone char(12) DEFAULT "UNKOWN" NOT NULL,address varchar(40),city varchar(20),state char(2),zip char(5),contract tinyint NOT NULL,PRIMARY KEY(au_id));
ERROR 1050 (42S01): Table 'authors' already exists
mysql> drop authors;
ERROR 1064 (42000): You have an error in your SQL syntax; check the manual that corresponds to your MySQL server version for the right syntax to use near 'authors' at line 1
mysql> drop table authors;
Query OK, 0 rows affected (0.01 sec)

mysql> CREATE TABLE authors(au_id varchar(11),au_lname varchar(40) NOT NULL,au_fname varchar(20) NOT NULL ,phone char(12) DEFAULT "UNKOWN" NOT NULL,address varchar(40),city varchar(20),state char(2),zip char(5),contract tinyint NOT NULL,PRIMARY KEY(au_id));
Query OK, 0 rows affected (0.01 sec)

mysql> CREATE TABLE PUBLISHERS(pub_id char(4),pub_name varchar(40) NULL,city varchar(20) NULL,state char(2) NULL,country varchar(30) NULL DEFAULT "USA",PRIMARY KEY(pub_id));
Query OK, 0 rows affected (0.01 sec)

mysql> CREATE TABLE titles(title_id varchar(10),title varchar(80) NOT NULL, type char(12) NOT NULL,pub_id char(4) NULL,price decimal(10,4) NULL,advance decimal(10,4) NULL ,royalty int NULL,ytd_sales int NULL, notes text NULL,pubdate date NULL);
Query OK, 0 rows affected (0.01 sec)

mysql> DESC authors;
+----------+-------------+------+-----+---------+-------+
| Field    | Type        | Null | Key | Default | Extra |
+----------+-------------+------+-----+---------+-------+
| au_id    | varchar(11) | NO   | PRI |         |       |
| au_lname | varchar(40) | NO   |     | NULL    |       |
| au_fname | varchar(20) | NO   |     | NULL    |       |
| phone    | char(12)    | NO   |     | UNKOWN  |       |
| address  | varchar(40) | YES  |     | NULL    |       |
| city     | varchar(20) | YES  |     | NULL    |       |
| state    | char(2)     | YES  |     | NULL    |       |
| zip      | char(5)     | YES  |     | NULL    |       |
| contract | tinyint(4)  | NO   |     | NULL    |       |
+----------+-------------+------+-----+---------+-------+
9 rows in set (0.02 sec)

mysql> DESC publishers;
+----------+-------------+------+-----+---------+-------+
| Field    | Type        | Null | Key | Default | Extra |
+----------+-------------+------+-----+---------+-------+
| pub_id   | char(4)     | NO   | PRI |         |       |
| pub_name | varchar(40) | YES  |     | NULL    |       |
| city     | varchar(20) | YES  |     | NULL    |       |
| state    | char(2)     | YES  |     | NULL    |       |
| country  | varchar(30) | YES  |     | USA     |       |
+----------+-------------+------+-----+---------+-------+
5 rows in set (0.02 sec)

mysql> DESC titles;
+-----------+---------------+------+-----+---------+-------+
| Field     | Type          | Null | Key | Default | Extra |
+-----------+---------------+------+-----+---------+-------+
| title_id  | varchar(10)   | YES  |     | NULL    |       |
| title     | varchar(80)   | NO   |     | NULL    |       |
| type      | char(12)      | NO   |     | NULL    |       |
| pub_id    | char(4)       | YES  |     | NULL    |       |
| price     | decimal(10,4) | YES  |     | NULL    |       |
| advance   | decimal(10,4) | YES  |     | NULL    |       |
| royalty   | int(11)       | YES  |     | NULL    |       |
| ytd_sales | int(11)       | YES  |     | NULL    |       |
| notes     | text          | YES  |     | NULL    |       |
| pubdate   | date          | YES  |     | NULL    |       |
+-----------+---------------+------+-----+---------+-------+
10 rows in set (0.02 sec)

mysql> ALTER TABLE titles MODIFY title_id PRIMARY KEY;
ERROR 1064 (42000): You have an error in your SQL syntax; check the manual that corresponds to your MySQL server version for the right syntax to use near 'PRIMARY KEY' at line 1
mysql> ALTER TABLE titles ADD PRIMARY KEY (title_id);
Query OK, 0 rows affected (0.02 sec)
Records: 0  Duplicates: 0  Warnings: 0

mysql> ALTER TABLE title ADD CONSTRAINT DEFAULT 'UNDECIDED' FOR type;
ERROR 1064 (42000): You have an error in your SQL syntax; check the manual that corresponds to your MySQL server version for the right syntax to use near 'DEFAULT 'UNDECIDED' FOR type' at line 1
mysql> ALTER TABLE title ADD CONSTRAINT df_CITY DEFAULT  'UNDECIDED' FOR type;
ERROR 1064 (42000): You have an error in your SQL syntax; check the manual that corresponds to your MySQL server version for the right syntax to use near 'DEFAULT  'UNDECIDED' FOR type' at line 1
mysql> ALTER TABLE Persons
    -> ALTER type SET DEFAULT 'UNDECIDED';
ERROR 1146 (42S02): Table 'pubs.persons' doesn't exist
mysql> ALTER TABLE Titles alter type SET DEFAULT "UNDECIDED";
Query OK, 0 rows affected (0.02 sec)
Records: 0  Duplicates: 0  Warnings: 0

mysql> DESC titles;
+-----------+---------------+------+-----+-----------+-------+
| Field     | Type          | Null | Key | Default   | Extra |
+-----------+---------------+------+-----+-----------+-------+
| title_id  | varchar(10)   | NO   | PRI |           |       |
| title     | varchar(80)   | NO   |     | NULL      |       |
| type      | char(12)      | NO   |     | UNDECIDED |       |
| pub_id    | char(4)       | YES  |     | NULL      |       |
| price     | decimal(10,4) | YES  |     | NULL      |       |
| advance   | decimal(10,4) | YES  |     | NULL      |       |
| royalty   | int(11)       | YES  |     | NULL      |       |
| ytd_sales | int(11)       | YES  |     | NULL      |       |
| notes     | text          | YES  |     | NULL      |       |
| pubdate   | date          | YES  |     | NULL      |       |
+-----------+---------------+------+-----+-----------+-------+
10 rows in set (0.01 sec)

mysql> ALTER TABLE Titles ADD FOREIGN KEY (pub_id) REFERENCES publishes(pub_id);
ERROR 1005 (HY000): Can't create table 'pubs.#sql-5694_5' (errno: 150)
mysql> ALTER TABLE titles ADD FOREIGN KEY (pub_id) REFERENCES publishes(pub_id);
ERROR 1005 (HY000): Can't create table 'pubs.#sql-5694_5' (errno: 150)
mysql> ALTER TABLE titles ADD FOREIGN KEY (pub_id) REFERENCES publishers(pub_id);
Query OK, 0 rows affected (0.02 sec)
Records: 0  Duplicates: 0  Warnings: 0

mysql> DESC titles
    -> ;
+-----------+---------------+------+-----+-----------+-------+
| Field     | Type          | Null | Key | Default   | Extra |
+-----------+---------------+------+-----+-----------+-------+
| title_id  | varchar(10)   | NO   | PRI |           |       |
| title     | varchar(80)   | NO   |     | NULL      |       |
| type      | char(12)      | NO   |     | UNDECIDED |       |
| pub_id    | char(4)       | YES  | MUL | NULL      |       |
| price     | decimal(10,4) | YES  |     | NULL      |       |
| advance   | decimal(10,4) | YES  |     | NULL      |       |
| royalty   | int(11)       | YES  |     | NULL      |       |
| ytd_sales | int(11)       | YES  |     | NULL      |       |
| notes     | text          | YES  |     | NULL      |       |
| pubdate   | date          | YES  |     | NULL      |       |
+-----------+---------------+------+-----+-----------+-------+
10 rows in set (0.02 sec)

mysql> DESC titles
    -> ;
+-----------+---------------+------+-----+-----------+-------+
| Field     | Type          | Null | Key | Default   | Extra |
+-----------+---------------+------+-----+-----------+-------+
| title_id  | varchar(10)   | NO   | PRI |           |       |
| title     | varchar(80)   | NO   |     | NULL      |       |
| type      | char(12)      | NO   |     | UNDECIDED |       |
| pub_id    | char(4)       | YES  | MUL | NULL      |       |
| price     | decimal(10,4) | YES  |     | NULL      |       |
| advance   | decimal(10,4) | YES  |     | NULL      |       |
| royalty   | int(11)       | YES  |     | NULL      |       |
| ytd_sales | int(11)       | YES  |     | NULL      |       |
| notes     | text          | YES  |     | NULL      |       |
| pubdate   | date          | YES  |     | NULL      |       |
+-----------+---------------+------+-----+-----------+-------+
10 rows in set (0.02 sec)

mysql> CREATE TABLE titleauthor(au_id varchar(11),title_id varchar(10),au_ord tinyint NULL, royaltyper int NULL ,PRIMARY KEY(au_id,title_id));
Query OK, 0 rows affected (0.01 sec)

mysql> ALTER TABLE titleauthor ADD FOREIGN KEY (au_id) REFERENCES authors(au_id);
Query OK, 0 rows affected (0.02 sec)
Records: 0  Duplicates: 0  Warnings: 0

mysql> ALTER TABLE titleauthor ADD FOREIGN KEY (title_id) REFERENCES titles(title_id);
Query OK, 0 rows affected (0.03 sec)
Records: 0  Duplicates: 0  Warnings: 0

mysql> DESC titleauthor;
+------------+-------------+------+-----+---------+-------+
| Field      | Type        | Null | Key | Default | Extra |
+------------+-------------+------+-----+---------+-------+
| au_id      | varchar(11) | NO   | PRI |         |       |
| title_id   | varchar(10) | NO   | PRI |         |       |
| au_ord     | tinyint(4)  | YES  |     | NULL    |       |
| royaltyper | int(11)     | YES  |     | NULL    |       |
+------------+-------------+------+-----+---------+-------+
4 rows in set (0.02 sec)

mysql> INSERT INTO publishes Values ('0736',"New Moon Books",'Boston','MA','USA');
ERROR 1146 (42S02): Table 'pubs.publishes' doesn't exist
mysql> INSERT INTO publishers Values ('0736',"New Moon Books",'Boston','MA','USA');
Query OK, 1 row affected (0.00 sec)

mysql> INSERT INTO publishes Values ('08377',"Binnet & Hardley",'Washinton','DC','USA');
ERROR 1146 (42S02): Table 'pubs.publishes' doesn't exist
mysql> INSERT INTO publishers Values ('08377',"Binnet & Hardley",'Washinton','DC','USA');
ERROR 1406 (22001): Data too long for column 'pub_id' at row 1
mysql> INSERT INTO publishers Values ('0877',"Binnet & Hardley",'Washinton','DC','USA');
Query OK, 1 row affected (0.00 sec)

mysql> INSERT INTO publishers Values ('1389'," Algodata Infosystems",'Berkeley','CA','USA');
Query OK, 1 row affected (0.00 sec)

mysql> INSERT INTO publishers Values ('9952',"Scootney Books",'New York','NY','USA');
Query OK, 1 row affected (0.00 sec)

mysql> INSERT INTO publishers Values ('1622',"Five Lakes Publishings",'Chicago','IL','USA');
Query OK, 1 row affected (0.00 sec)

mysql> INSERT INTO publishers Values ('1756',"Ramona Publishers",'Dallas','TX','USA');
Query OK, 1 row affected (0.00 sec)

mysql> INSERT INTO publishers Values ('9901',"GGG&G",'MGnchen','NULL','Germany');
ERROR 1406 (22001): Data too long for column 'state' at row 1
mysql> INSERT INTO publishers Values ('9901',"GGG&G",'MGnchen',NULL,'Germany'););
Query OK, 1 row affected (0.00 sec)

ERROR 1064 (42000): You have an error in your SQL syntax; check the manual that corresponds to your MySQL server version for the right syntax to use near ')' at line 1
mysql> INSERT INTO publishers Values ('9901',"GGG&G",'MGnchen',NULL,'Germany');
ERROR 1062 (23000): Duplicate entry '9901' for key 'PRIMARY'
mysql> INSERT INTO publishers Values ('9999',"Lucerne Publishing",'paris',NULL,'France');
Query OK, 1 row affected (0.00 sec)

mysql> SELECT * FROM publishers;
+--------+------------------------+-----------+-------+---------+
| pub_id | pub_name               | city      | state | country |
+--------+------------------------+-----------+-------+---------+
| 0736   | New Moon Books         | Boston    | MA    | USA     |
| 0877   | Binnet & Hardley       | Washinton | DC    | USA     |
| 1389   |  Algodata Infosystems  | Berkeley  | CA    | USA     |
| 1622   | Five Lakes Publishings | Chicago   | IL    | USA     |
| 1756   | Ramona Publishers      | Dallas    | TX    | USA     |
| 9901   | GGG&G                  | MGnchen   | NULL  | Germany |
| 9952   | Scootney Books         | New York  | NY    | USA     |
| 9999   | Lucerne Publishing     | paris     | NULL  | France  |
+--------+------------------------+-----------+-------+---------+
8 rows in set (0.00 sec)

mysql> INSERT INTO titleauthor VALUES('409-56-7008','BU1032','1',60);
ERROR 1452 (23000): Cannot add or update a child row: a foreign key constraint fails (`pubs`.`titleauthor`, CONSTRAINT `titleauthor_ibfk_1` FOREIGN KEY (`au_id`) REFERENCES `authors` (`au_id`))
mysql> insert authors
    ->    values('409-56-7008', 'Bennet', 'Abraham', '415 658-9932',
    ->    '6223 Bateman St.', 'Berkeley', 'CA', '94705', 1)
    -> ;
Query OK, 1 row affected (0.00 sec)

mysql> insert authors
    ->    values('213-46-8915', 'Green', 'Marjorie', '415 986-7020',
    ->    '309 63rd St. #411', 'Oakland', 'CA', '94618', 1)
    -> ;
Query OK, 1 row affected (0.00 sec)

mysql> insert authors
    ->    values('238-95-7766', 'Carson', 'Cheryl', '415 548-7723',
    ->    '589 Darwin Ln.', 'Berkeley', 'CA', '94705', 1)
    -> ;
Query OK, 1 row affected (0.00 sec)

mysql> insert authors
    ->    values('998-72-3567', 'Ringer', 'Albert', '801 826-0752',
    ->    '67 Seventh Av.', 'Salt Lake City', 'UT', '84152', 1)
    -> ;
Query OK, 1 row affected (0.00 sec)

mysql> insert authors
    ->    values('899-46-2035', 'Ringer', 'Anne', '801 826-0752',
    ->    '67 Seventh Av.', 'Salt Lake City', 'UT', '84152', 1)
    -> ;
Query OK, 1 row affected (0.00 sec)

mysql> insert authors
    ->    values('722-51-5454', 'DeFrance', 'Michel', '219 547-9982',
    ->    '3 Balding Pl.', 'Gary', 'IN', '46403', 1)
    -> ;
Query OK, 1 row affected (0.00 sec)

mysql> insert authors
    ->    values('807-91-6654', 'Panteley', 'Sylvia', '301 946-8853',
    ->    '1956 Arlington Pl.', 'Rockville', 'MD', '20853', 1)
    -> ;
Query OK, 1 row affected (0.00 sec)

mysql> insert authors
    ->    values('893-72-1158', 'McBadden', 'Heather',
    ->    '707 448-4982', '301 Putnam', 'Vacaville', 'CA', '95688', 0)
    -> ;
Query OK, 1 row affected (0.00 sec)

mysql> insert authors
    ->    values('724-08-9931', 'Stringer', 'Dirk', '415 843-2991',
    ->    '5420 Telegraph Av.', 'Oakland', 'CA', '94609', 0)
    -> ;
Query OK, 1 row affected (0.00 sec)

mysql> insert authors
    ->    values('274-80-9391', 'Straight', 'Dean', '415 834-2919',
    ->    '5420 College Av.', 'Oakland', 'CA', '94609', 1)
    -> ;
Query OK, 1 row affected (0.00 sec)

mysql> insert authors
    ->    values('756-30-7391', 'Karsen', 'Livia', '415 534-9219',
    ->    '5720 McAuley St.', 'Oakland', 'CA', '94609', 1)
    -> ;
Query OK, 1 row affected (0.00 sec)

mysql> insert authors
    ->    values('724-80-9391', 'MacFeather', 'Stearns', '415 354-7128',
    ->    '44 Upland Hts.', 'Oakland', 'CA', '94612', 1)
    -> ;
Query OK, 1 row affected (0.00 sec)

mysql> insert authors
    ->    values('427-17-2319', 'Dull', 'Ann', '415 836-7128',
    ->    '3410 Blonde St.', 'Palo Alto', 'CA', '94301', 1)
    -> ;
Query OK, 1 row affected (0.00 sec)

mysql> insert authors
    ->    values('672-71-3249', 'Yokomoto', 'Akiko', '415 935-4228',
    ->    '3 Silver Ct.', 'Walnut Creek', 'CA', '94595', 1)
    -> ;
Query OK, 1 row affected (0.00 sec)

mysql> insert authors
    ->    values('267-41-2394', 'O''Leary', 'Michael', '408 286-2428',
    ->    '22 Cleveland Av. #14', 'San Jose', 'CA', '95128', 1)
    -> ;
Query OK, 1 row affected (0.00 sec)

mysql> insert authors
    ->    values('472-27-2349', 'Gringlesby', 'Burt', '707 938-6445',
    ->    'PO Box 792', 'Covelo', 'CA', '95428', 3)
    -> ;
Query OK, 1 row affected (0.00 sec)

mysql> insert authors
    ->    values('527-72-3246', 'Greene', 'Morningstar', '615 297-2723',
    ->    '22 Graybar House Rd.', 'Nashville', 'TN', '37215', 0)
    -> ;
Query OK, 1 row affected (0.00 sec)

mysql> insert authors
    ->    values('172-32-1176', 'White', 'Johnson', '408 496-7223',
    ->    '10932 Bigge Rd.', 'Menlo Park', 'CA', '94025', 1)
    -> ;
Query OK, 1 row affected (0.00 sec)

mysql> insert authors
    ->    values('712-45-1867', 'del Castillo', 'Innes', '615 996-8275',
    ->    '2286 Cram Pl. #86', 'Ann Arbor', 'MI', '48105', 1)
    -> ;
Query OK, 1 row affected (0.00 sec)

mysql> insert authors
    ->    values('846-92-7186', 'Hunter', 'Sheryl', '415 836-7128',
    ->    '3410 Blonde St.', 'Palo Alto', 'CA', '94301', 1)
    -> ;
Query OK, 1 row affected (0.00 sec)

mysql> insert authors
    ->    values('486-29-1786', 'Locksley', 'Charlene', '415 585-4620',
    ->    '18 Broadway Av.', 'San Francisco', 'CA', '94130', 1)
    -> ;
Query OK, 1 row affected (0.00 sec)

mysql> insert authors
    ->    values('648-92-1872', 'Blotchet-Halls', 'Reginald', '503 745-6402',
    ->    '55 Hillsdale Bl.', 'Corvallis', 'OR', '97330', 1)
    -> ;
Query OK, 1 row affected (0.00 sec)

mysql> insert authors
    ->    values('341-22-1782', 'Smith', 'Meander', '913 843-0462',
    ->    '10 Mississippi Dr.', 'Lawrence', 'KS', '66044', 0)
    -> ;
Query OK, 1 row affected (0.00 sec)

mysql> select * from authors
    -> ;
+-------------+----------------+-------------+--------------+----------------------+----------------+-------+-------+----------+
| au_id       | au_lname       | au_fname    | phone        | address              | city           | state | zip   | contract |
+-------------+----------------+-------------+--------------+----------------------+----------------+-------+-------+----------+
| 172-32-1176 | White          | Johnson     | 408 496-7223 | 10932 Bigge Rd.      | Menlo Park     | CA    | 94025 |        1 |
| 213-46-8915 | Green          | Marjorie    | 415 986-7020 | 309 63rd St. #411    | Oakland        | CA    | 94618 |        1 |
| 238-95-7766 | Carson         | Cheryl      | 415 548-7723 | 589 Darwin Ln.       | Berkeley       | CA    | 94705 |        1 |
| 267-41-2394 | O'Leary        | Michael     | 408 286-2428 | 22 Cleveland Av. #14 | San Jose       | CA    | 95128 |        1 |
| 274-80-9391 | Straight       | Dean        | 415 834-2919 | 5420 College Av.     | Oakland        | CA    | 94609 |        1 |
| 341-22-1782 | Smith          | Meander     | 913 843-0462 | 10 Mississippi Dr.   | Lawrence       | KS    | 66044 |        0 |
| 409-56-7008 | Bennet         | Abraham     | 415 658-9932 | 6223 Bateman St.     | Berkeley       | CA    | 94705 |        1 |
| 427-17-2319 | Dull           | Ann         | 415 836-7128 | 3410 Blonde St.      | Palo Alto      | CA    | 94301 |        1 |
| 472-27-2349 | Gringlesby     | Burt        | 707 938-6445 | PO Box 792           | Covelo         | CA    | 95428 |        3 |
| 486-29-1786 | Locksley       | Charlene    | 415 585-4620 | 18 Broadway Av.      | San Francisco  | CA    | 94130 |        1 |
| 527-72-3246 | Greene         | Morningstar | 615 297-2723 | 22 Graybar House Rd. | Nashville      | TN    | 37215 |        0 |
| 648-92-1872 | Blotchet-Halls | Reginald    | 503 745-6402 | 55 Hillsdale Bl.     | Corvallis      | OR    | 97330 |        1 |
| 672-71-3249 | Yokomoto       | Akiko       | 415 935-4228 | 3 Silver Ct.         | Walnut Creek   | CA    | 94595 |        1 |
| 712-45-1867 | del Castillo   | Innes       | 615 996-8275 | 2286 Cram Pl. #86    | Ann Arbor      | MI    | 48105 |        1 |
| 722-51-5454 | DeFrance       | Michel      | 219 547-9982 | 3 Balding Pl.        | Gary           | IN    | 46403 |        1 |
| 724-08-9931 | Stringer       | Dirk        | 415 843-2991 | 5420 Telegraph Av.   | Oakland        | CA    | 94609 |        0 |
| 724-80-9391 | MacFeather     | Stearns     | 415 354-7128 | 44 Upland Hts.       | Oakland        | CA    | 94612 |        1 |
| 756-30-7391 | Karsen         | Livia       | 415 534-9219 | 5720 McAuley St.     | Oakland        | CA    | 94609 |        1 |
| 807-91-6654 | Panteley       | Sylvia      | 301 946-8853 | 1956 Arlington Pl.   | Rockville      | MD    | 20853 |        1 |
| 846-92-7186 | Hunter         | Sheryl      | 415 836-7128 | 3410 Blonde St.      | Palo Alto      | CA    | 94301 |        1 |
| 893-72-1158 | McBadden       | Heather     | 707 448-4982 | 301 Putnam           | Vacaville      | CA    | 95688 |        0 |
| 899-46-2035 | Ringer         | Anne        | 801 826-0752 | 67 Seventh Av.       | Salt Lake City | UT    | 84152 |        1 |
| 998-72-3567 | Ringer         | Albert      | 801 826-0752 | 67 Seventh Av.       | Salt Lake City | UT    | 84152 |        1 |
+-------------+----------------+-------------+--------------+----------------------+----------------+-------+-------+----------+
23 rows in set (0.00 sec)

mysql> insert titles values ('PC8888', 'Secrets of Silicon Valley', 'popular_comp', '1389',
    -> 20.00, 8000.00, 10, 4095,
    -> 'Muckraking reporting on the world''s largest computer hardware and software manufacturers.',
    -> '1994-06-12');
Query OK, 1 row affected (0.00 sec)

mysql> 
mysql> insert titles values ('BU1032', 'The Busy Executive''s Database Guide', 'business',
    -> '1389', 19.99, 5000.00, 10, 4095,
    -> 'An overview of available database systems with emphasis on common business applications. Illustrated.',
    -> '1991-06-12');
Query OK, 1 row affected (0.00 sec)

mysql> 
mysql> insert titles values ('PS7777', 'Emotional Security: A New Algorithm', 'psychology',
    -> '0736', 7.99, 4000.00, 10, 3336,
    -> 'Protecting yourself and your loved ones from undue emotional stress in the modern world. Use of computer and nutritional aids emphasized.',
    -> '1991-06-12');
Query OK, 1 row affected (0.00 sec)

mysql> 
mysql> insert titles values ('PS3333', 'Prolonged Data Deprivation: Four Case Studies',
    -> 'psychology', '0736', 19.99, 2000.00, 10, 4072,
    -> 'What happens when the data runs dry?  Searching evaluations of information-shortage effects.',
    -> '1991-06-12');
Query OK, 1 row affected (0.00 sec)

mysql> 
mysql> insert titles values ('BU1111', 'Cooking with Computers: Surreptitious Balance Sheets',
    -> 'business', '1389', 11.95, 5000.00, 10, 3876,
    -> 'Helpful hints on how to use your electronic resources to the best advantage.',
    -> '1991-06-09');
Query OK, 1 row affected (0.00 sec)

mysql> 
mysql> insert titles values ('MC2222', 'Silicon Valley Gastronomic Treats', 'mod_cook', '0877',
    -> 19.99, 0.00, 12, 2032,
    -> 'Favorite recipes for quick, easy, and elegant meals.',
    -> '1991-06-09');
Query OK, 1 row affected (0.00 sec)

mysql> 
mysql> insert titles values ('TC7777', 'Sushi, Anyone?', 'trad_cook', '0877', 14.99, 8000.00,
    -> 10, 4095,
    -> 'Detailed instructions on how to make authentic Japanese sushi in your spare time.',
    -> '1991-06-12');
Query OK, 1 row affected (0.00 sec)

mysql> 
mysql> insert titles values ('TC4203', 'Fifty Years in Buckingham Palace Kitchens', 'trad_cook',
    -> '0877', 11.95, 4000.00, 14, 15096,
    -> 'More anecdotes from the Queen''s favorite cook describing life among English royalty. Recipes, techniques, tender vignettes.',
    -> '1991-06-12');
Query OK, 1 row affected (0.00 sec)

mysql> 
mysql> insert titles values ('PC1035', 'But Is It User Friendly?', 'popular_comp', '1389',
    -> 22.95, 7000.00, 16, 8780,
    -> 'A survey of software for the naive user, focusing on the ''friendliness'' of each.',
    -> '1991-06-30');
Query OK, 1 row affected (0.00 sec)

mysql> 
mysql> insert titles values('BU2075', 'You Can Combat Computer Stress!', 'business', '0736',
    -> 2.99, 10125.00, 24, 18722,
    -> 'The latest medical and psychological techniques for living with the electronic office. Easy-to-understand explanations.',
    -> '1991-06-30');
Query OK, 1 row affected (0.00 sec)

mysql> 
mysql> insert titles values('PS2091', 'Is Anger the Enemy?', 'psychology', '0736', 10.95,
    -> 2275.00, 12, 2045,
    -> 'Carefully researched study of the effects of strong emotions on the body. Metabolic charts included.',
    -> '1991-06-15');
Query OK, 1 row affected (0.00 sec)

mysql> 
mysql> insert titles values('PS2106', 'Life Without Fear', 'psychology', '0736', 7.00, 6000.00,
    -> 10, 111,
    -> 'New exercise, meditation, and nutritional techniques that can reduce the shock of daily interactions. Popular audience. Sample menus included, exercise video available separately.',
    -> '1991-10-05');
Query OK, 1 row affected (0.00 sec)

mysql> 
mysql> insert titles values('MC3021', 'The Gourmet Microwave', 'mod_cook', '0877', 2.99,
    -> 15000.00, 24, 22246,
    -> 'Traditional French gourmet recipes adapted for modern microwave cooking.',
    -> '1991-06-18');
Query OK, 1 row affected (0.00 sec)

mysql> 
mysql> insert titles values('TC3218', 'Onions, Leeks, and Garlic: Cooking Secrets of the Mediterranean',
    -> 'trad_cook', '0877', 20.95, 7000.00, 10, 375,
    -> 'Profusely illustrated in color, this makes a wonderful gift book for a cuisine-oriented friend.',
    -> '1991-10-21');
Query OK, 1 row affected (0.00 sec)

mysql> 
mysql> insert titles (title_id, title, pub_id) values('MC3026',
    -> 'The Psychology of Computer Cooking', '0877');
Query OK, 1 row affected (0.00 sec)

mysql> 
mysql> insert titles values ('BU7832', 'Straight Talk About Computers', 'business', '1389',
    -> 19.99, 5000.00, 10, 4095,
    -> 'Annotated analysis of what computers can do for you: a no-hype guide for the critical user.',
    -> '1991-06-22');
Query OK, 1 row affected (0.00 sec)

mysql> 
mysql> insert titles values('PS1372', 'Computer Phobic AND Non-Phobic Individuals: Behavior Variations',
    -> 'psychology', '0877', 21.59, 7000.00, 10, 375,
    -> 'A must for the specialist, this book examines the difference between those who hate and fear computers and those who don''t.',
    -> '1991-10-21');
Query OK, 1 row affected (0.00 sec)

mysql> 
mysql> insert titles (title_id, title, type, pub_id, notes) values('PC9999', 'Net Etiquette',
    -> 'popular_comp', '1389', 'A must-read for computer conferencing.');
Query OK, 1 row affected (0.00 sec)

mysql> insert into titleauthor('409-56-7008','BU1032',1,60);
ERROR 1064 (42000): You have an error in your SQL syntax; check the manual that corresponds to your MySQL server version for the right syntax to use near ''409-56-7008','BU1032',1,60)' at line 1
mysql> insert into titleauthor VALUES('409-56-7008','BU1032',1,60);
Query OK, 1 row affected (0.00 sec)

mysql> insert into titleauthor VALUES('486-29-1786','PS7777',1,100);
Query OK, 1 row affected (0.00 sec)

mysql> insert into titleauthor VALUES('486-29-1786','PC999',1,100);;
ERROR 1452 (23000): Cannot add or update a child row: a foreign key constraint fails (`pubs`.`titleauthor`, CONSTRAINT `titleauthor_ibfk_2` FOREIGN KEY (`title_id`) REFERENCES `titles` (`title_id`))
ERROR: 
No query specified

mysql> insert into titleauthor VALUES('486-29-1786','PC9999',1,100);
Query OK, 1 row affected (0.00 sec)

mysql> insert into titleauthor VALUES('712-45-1867','MC2222',1,100);
Query OK, 1 row affected (0.00 sec)

mysql> insert into titleauthor VALUES('172-32-1176','PS3333',1,100);
Query OK, 1 row affected (0.00 sec)

mysql> insert into titleauthor VALUES('213-46-8915','BU1032',2,40);
Query OK, 1 row affected (0.00 sec)

mysql> insert into titleauthor VALUES('213-46-8915','BU2075',1,100);
Query OK, 1 row affected (0.00 sec)

mysql> insert into titleauthor VALUES('998-72-3567','PS2091',1,50);
Query OK, 1 row affected (0.00 sec)

mysql> insert into titleauthor VALUES('899-46-2935','PS2091',2,50);
ERROR 1452 (23000): Cannot add or update a child row: a foreign key constraint fails (`pubs`.`titleauthor`, CONSTRAINT `titleauthor_ibfk_1` FOREIGN KEY (`au_id`) REFERENCES `authors` (`au_id`))
mysql> 